----------------------------------------------------------------------------------------------------------------------------------------
      name:  <unnamed>
       log:  C:\Users\dafrb\Desktop\EAM_data\CHINA-SCHOCK/logs/04_concordances_20 Nov 2025.log
  log type:  text
 opened on:  20 Nov 2025, 04:34:37

. 
. *==============================================================================*
. * PART 1: PROCESS PIERCE & SCHOTT HS -> NAICS
. *==============================================================================*
. 
. use "$concordance_dir/hs_sic_naics_imports_89_123_20240801.dta", clear

. 
. * Extract HS6 with leading zeros preserved
. tostring commodity, gen(hs10_str) format(%010.0f) force
hs10_str generated as str10

. gen hs6_str = substr(hs10_str, 1, 6)

. 
. keep hs6_str naics year

. drop if missing(hs6_str) | missing(naics) | hs6_str == "000000"
(0 observations deleted)

. 
. * Keep most frequent HS6-NAICS combinations
. bysort hs6_str naics: gen n_obs = _N

. bysort hs6_str: egen max_obs = max(n_obs)

. keep if n_obs == max_obs
(124,271 observations deleted)

. 
. duplicates drop hs6_str naics, force

Duplicates in terms of hs6_str naics

(485,517 observations deleted)

. 
. * Save temp file for R (string HS6 to preserve leading zeros)
. preserve

.     keep hs6_str naics

.     duplicates drop

Duplicates in terms of all variables

(0 observations are duplicates)

.     rename hs6_str hs6

.     save "$concordance_dir/hs6_naics_temp.dta", replace
file C:\Users\dafrb\Desktop\EAM_data\CHINA-SCHOCK/raw_data/concordance/hs6_naics_temp.dta saved

. restore

. 
. *==============================================================================*
. * PART 2: HS -> NAICS VIA R CONCORDANCE PACKAGE
. *==============================================================================*
. 
. *shell "C:\Program Files\R\R-4.5.1\bin\Rscript.exe" "$code_dir/hs_to_naics_concordance.R" "$concordance_dir" "$concordance_dir"
. 
. *==============================================================================*
. * PART 3: NAICS 2017 -> ISIC REV 4
. *==============================================================================*
. 
. import excel "$concordance_dir/2017_NAICS_to_ISIC_4.xlsx", clear firstrow
(9 vars, 1,655 obs)

. capture rename *, lower

. 
. * Use actual variable names from file
. gen naics2017 = string(naicsus, "%06.0f")

. gen isi = real(isic40)
(1 missing value generated)

. gen isic4 = string(isi, "%04.0f")

. 
. keep naics2017 isic4

. drop if missing(naics2017) | missing(isic4)
(0 observations deleted)

. duplicates drop

Duplicates in terms of all variables

(1 observation deleted)

. 
. gen isic4_4d = isic4

. gen isic4_3d = substr(isic4, 2, 3)
(1 missing value generated)

. gen isic4_2d = substr(isic4, 2, 2)
(1 missing value generated)

. 
. *destring naics2017, replace force
. destring isic4_2d, generate(isic4_2d_num) force
isic4_2d: all characters numeric; isic4_2d_num generated as byte
(1 missing value generated)

. 
. keep if isic4_2d_num >= 10 & isic4_2d_num <= 33
(1,258 observations deleted)

. drop isic4_2d_num

. 
. save "$concordance_dir/naics2017_isic4_concordance.dta", replace
file C:\Users\dafrb\Desktop\EAM_data\CHINA-SCHOCK/raw_data/concordance/naics2017_isic4_concordance.dta saved

. 
. *==============================================================================*
. * PART 4: HS -> ISIC REV 4 CONCORDANCE
. *==============================================================================*
. 
. use "$concordance_dir/hs6_naics2017_concordance.dta", clear

. 
. *rename naics2017 naics2017_str
. *gen naics2017 = real(naics2017_str)
. *drop naics2017_str hs_revision_used
. 
. merge m:m naics2017 using "$concordance_dir/naics2017_isic4_concordance.dta", ///
>     keep(match master) nogen

    Result                      Number of obs
    -----------------------------------------
    Not matched                         4,834
        from master                     4,834  
        from using                          0  

    Matched                             2,060  
    -----------------------------------------

. 
. bysort hs6 isic4_4d: gen n_matches = _N

. bysort hs6: egen max_matches = max(n_matches)

. keep if n_matches == max_matches
(0 observations deleted)

. bysort hs6 (isic4_4d): keep if _n == 1
(2 observations deleted)

. 
. keep hs6 isic4_4d isic4_3d isic4_2d naics2017

. 
. rename isic4_4d ciiu_4d

. rename isic4_3d ciiu_3d

. rename isic4_2d ciiu_2d

. 
. compress
  (0 bytes saved)

. save "$concordance_dir/hs6_isic4_concordance.dta", replace
file C:\Users\dafrb\Desktop\EAM_data\CHINA-SCHOCK/raw_data/concordance/hs6_isic4_concordance.dta saved

. 
. *==============================================================================*
. * PART 5: ISIC VERSION CONCORDANCES
. *==============================================================================*
. 
. * ISIC Rev 2 -> Rev 3
. import delimited "$concordance_dir/ISIC3-ISIC2.txt", clear varnames(1)
(encoding automatically selected: ISO-8859-1)
(5 vars, 586 obs)

. 
. keep isic3 isic2

. drop if missing(isic3) | missing(isic2)
(0 observations deleted)

. duplicates drop

Duplicates in terms of all variables

(1 observation deleted)

. destring isic2 isic3, replace force
isic2 already numeric; no replace
isic3 already numeric; no replace

. 
. save "$concordance_dir/isic2_isic3_concordance.dta", replace
file C:\Users\dafrb\Desktop\EAM_data\CHINA-SCHOCK/raw_data/concordance/isic2_isic3_concordance.dta saved

. 
. * ISIC Rev 3 -> Rev 3.1
. import delimited "$concordance_dir/ISIC_Rev_31-ISIC_Rev_3_correspondence.txt", clear varnames(1)
(encoding automatically selected: ISO-8859-1)
(5 vars, 316 obs)

. 
. rename rev31 isic31

. rename rev3 isic3

. 
. keep isic3 isic31

. drop if missing(isic3) | missing(isic31)
(0 observations deleted)

. duplicates drop

Duplicates in terms of all variables

(0 observations are duplicates)

. destring isic3 isic31, replace force
isic3: contains nonnumeric characters; replaced as int
(2 missing values generated)
isic31 already numeric; no replace

. 
. save "$concordance_dir/isic3_isic31_concordance.dta", replace
file C:\Users\dafrb\Desktop\EAM_data\CHINA-SCHOCK/raw_data/concordance/isic3_isic31_concordance.dta saved

. 
. * ISIC Rev 3.1 -> Rev 4
. import delimited "$concordance_dir/ISIC4_ISIC31.txt", clear varnames(1)
(encoding automatically selected: ISO-8859-1)
(5 vars, 737 obs)

. 
. rename isic4code isic4

. rename isic31code isic31

. 
. keep isic31 isic4

. drop if missing(isic31) | missing(isic4)
(0 observations deleted)

. duplicates drop

Duplicates in terms of all variables

(0 observations are duplicates)

. destring isic31 isic4, replace force
isic31 already numeric; no replace
isic4 already numeric; no replace

. 
. save "$concordance_dir/isic31_isic4_concordance.dta", replace
file C:\Users\dafrb\Desktop\EAM_data\CHINA-SCHOCK/raw_data/concordance/isic31_isic4_concordance.dta saved

. 
. *==============================================================================*
. * PART 6: COMBINED ISIC REV 2/3 -> REV 4
. *==============================================================================*
. 
. * Rev 2 -> Rev 4 (via Rev 3 and Rev 3.1)
. use "$concordance_dir/isic2_isic3_concordance.dta", clear

. 
. merge m:m isic3 using "$concordance_dir/isic3_isic31_concordance.dta", ///
>     keep(match master) nogen

    Result                      Number of obs
    -----------------------------------------
    Not matched                             0
    Matched                               593  
    -----------------------------------------

. 
. merge m:m isic31 using "$concordance_dir/isic31_isic4_concordance.dta", ///
>     keep(match master) nogen

    Result                      Number of obs
    -----------------------------------------
    Not matched                             0
    Matched                               845  
    -----------------------------------------

. 
. bysort isic2 isic4: gen n = _N

. bysort isic2: egen max_n = max(n)

. keep if n == max_n
(317 observations deleted)

. bysort isic2 (isic4): keep if _n == 1
(369 observations deleted)

. 
. keep isic2 isic4

. rename isic2 ciiu_original

. rename isic4 ciiu_rev4

. 
. gen ciiu_rev4_4d = ciiu_rev4

. gen ciiu_rev4_3d = floor(ciiu_rev4/10)

. gen ciiu_rev4_2d = floor(ciiu_rev4/100)

. gen source_revision = 2

. 
. save "$concordance_dir/ciiu_rev2_to_rev4.dta", replace
file C:\Users\dafrb\Desktop\EAM_data\CHINA-SCHOCK/raw_data/concordance/ciiu_rev2_to_rev4.dta saved

. 
. * Rev 3 -> Rev 4 (via Rev 3.1)
. use "$concordance_dir/isic3_isic31_concordance.dta", clear

. 
. merge m:m isic31 using "$concordance_dir/isic31_isic4_concordance.dta", ///
>     keep(match master) nogen

    Result                      Number of obs
    -----------------------------------------
    Not matched                             0
    Matched                               743  
    -----------------------------------------

. 
. bysort isic3 isic4: gen n = _N

. bysort isic3: egen max_n = max(n)

. keep if n == max_n
(43 observations deleted)

. bysort isic3 (isic4): keep if _n == 1
(407 observations deleted)

. 
. keep isic3 isic4

. rename isic3 ciiu_original

. rename isic4 ciiu_rev4

. 
. gen ciiu_rev4_4d = ciiu_rev4

. gen ciiu_rev4_3d = floor(ciiu_rev4/10)

. gen ciiu_rev4_2d = floor(ciiu_rev4/100)

. gen source_revision = 3

. 
. save "$concordance_dir/ciiu_rev3_to_rev4.dta", replace
(file C:\Users\dafrb\Desktop\EAM_data\CHINA-SCHOCK/raw_data/concordance/ciiu_rev3_to_rev4.dta not found)
file C:\Users\dafrb\Desktop\EAM_data\CHINA-SCHOCK/raw_data/concordance/ciiu_rev3_to_rev4.dta saved

. 
. *==============================================================================*
. * PART 7: HARMONIZE EAM PANEL
. *==============================================================================*
. 
. use "$clean_dir/panel_eam_with_tfp.dta", clear

. 
. * Identify CIIU revision
. gen ciiu_revision = .
(187,899 missing values generated)

. replace ciiu_revision = 2 if inlist(ciiu_source, "CIIU2", "CIIU2N4")
(0 real changes made)

. replace ciiu_revision = 3 if ciiu_source == "CIIU3"
(0 real changes made)

. replace ciiu_revision = 4 if inlist(ciiu_source, "CIIU4", "CIIU_4")
(0 real changes made)

. 
. gen ciiu_original = real(ciiu)

. 
. * Initialize harmonized variables
. gen ciiu_rev4_4d = .
(187,899 missing values generated)

. gen ciiu_rev4_3d = .
(187,899 missing values generated)

. gen ciiu_rev4_2d = .
(187,899 missing values generated)

. 
. * Rev 4 codes stay the same
. replace ciiu_rev4_4d = ciiu_original if ciiu_revision == 4
(0 real changes made)

. replace ciiu_rev4_3d = floor(ciiu_original/10) if ciiu_revision == 4
(0 real changes made)

. replace ciiu_rev4_2d = floor(ciiu_original/100) if ciiu_revision == 4
(0 real changes made)

. 
. * Merge Rev 2 codes
. preserve

.     use "$concordance_dir/ciiu_rev2_to_rev4.dta", clear

.     keep ciiu_original ciiu_rev4_4d ciiu_rev4_3d ciiu_rev4_2d

.     rename ciiu_rev4_4d rev4_4d_temp

.     rename ciiu_rev4_3d rev4_3d_temp

.     rename ciiu_rev4_2d rev4_2d_temp

.     tempfile rev2_conc

.     save `rev2_conc'
file C:\Users\dafrb\AppData\Local\Temp\ST_32a4_000003.tmp saved as .dta format

. restore

. 
. merge m:1 ciiu_original using `rev2_conc', keep(master match) nogen

    Result                      Number of obs
    -----------------------------------------
    Not matched                       162,199
        from master                   162,199  
        from using                          0  

    Matched                            25,700  
    -----------------------------------------

. 
. replace ciiu_rev4_4d = rev4_4d_temp if ciiu_revision == 2 & missing(ciiu_rev4_4d)
(0 real changes made)

. replace ciiu_rev4_3d = rev4_3d_temp if ciiu_revision == 2 & missing(ciiu_rev4_3d)
(0 real changes made)

. replace ciiu_rev4_2d = rev4_2d_temp if ciiu_revision == 2 & missing(ciiu_rev4_2d)
(0 real changes made)

. drop rev4_*_temp

. 
. * Merge Rev 3 codes
. preserve

.     use "$concordance_dir/ciiu_rev3_to_rev4.dta", clear

.     keep ciiu_original ciiu_rev4_4d ciiu_rev4_3d ciiu_rev4_2d

.     rename ciiu_rev4_4d rev4_4d_temp

.     rename ciiu_rev4_3d rev4_3d_temp

.     rename ciiu_rev4_2d rev4_2d_temp

.     tempfile rev3_conc

.     save `rev3_conc'
file C:\Users\dafrb\AppData\Local\Temp\ST_32a4_000005.tmp saved as .dta format

. restore

. 
. merge m:1 ciiu_original using `rev3_conc', keep(master match) nogen update

    Result                      Number of obs
    -----------------------------------------
    Not matched                       107,376
        from master                   107,376  
        from using                          0  

    Matched                            80,523
        not updated                    80,523  
        missing updated                     0  
        nonmissing conflict                 0  
    -----------------------------------------

. 
. replace ciiu_rev4_4d = rev4_4d_temp if ciiu_revision == 3 & missing(ciiu_rev4_4d)
(0 real changes made)

. replace ciiu_rev4_3d = rev4_3d_temp if ciiu_revision == 3 & missing(ciiu_rev4_3d)
(0 real changes made)

. replace ciiu_rev4_2d = rev4_2d_temp if ciiu_revision == 3 & missing(ciiu_rev4_2d)
(0 real changes made)

. drop rev4_*_temp

. 
. compress
  variable n_obs_industry was float now int
  variable n_firms_industry was float now int
  variable n_periods_industry was float now byte
  variable ciiu_revision was float now byte
  variable ciiu_original was float now int
  variable ciiu_rev4_4d was float now byte
  variable ciiu_rev4_3d was float now byte
  variable ciiu_rev4_2d was float now byte
  (3,945,879 bytes saved)

. save "$clean_dir/panel_eam_harmonized.dta", replace
(file C:\Users\dafrb\Desktop\EAM_data\CHINA-SCHOCK/processed/panel_eam_harmonized.dta not found)
file C:\Users\dafrb\Desktop\EAM_data\CHINA-SCHOCK/processed/panel_eam_harmonized.dta saved

. 
. * Sample size analysis
. preserve

.     keep if ciiu_rev4_2d >= 10 & ciiu_rev4_2d <= 33
(187,899 observations deleted)

.     collapse (count) n_obs=firm_id, by(ciiu_rev4_2d)
no observations
r(2000);

end of do-file

r(2000);

